---
source: src/req_res.rs
assertion_line: 169
expression: req.parse().unwrap()

---
ParsedRequest {
    method: "GET",
    uri: "/",
    http_version: 1.1,
    headers: {
        "Host": "127.0.0.1",
        "User-Agent": "Mozilla/5.0 (Windows NT 10.0; Win64; x64; rv",
        "Accept": "text/html,application/xhtml+xml,application/xml;q=0.9,image/avif,image/webp,*/*;q=0.8",
        "Accept-Language": "en-US,en;q=0.5",
        "Accept-Encoding": "gzip, deflate",
        "Connection": "keep-alive",
        "Upgrade-Insecure-Requests": "1",
        "Sec-Fetch-Dest": "document",
        "Sec-Fetch-Mode": "navigate",
        "Sec-Fetch-Site": "none",
        "Sec-Fetch-User": "?1",
        "Cache-Control": "max-age=0",
    },
    body: "",
}
